
> atlasops-financial@0.1.0 build
> next build

   Ôû▓ Next.js 15.5.9
   - Environments: .env.local

   Creating an optimized production build ...
 Ô£ô Compiled successfully in 50s
   Linting and checking validity of types ...
node.exe : 
En línea: 1 Carácter: 1
+ & "C:\Program Files\nodejs/node.exe" "C:\Program Files\nodejs/node_mo ...
+ ~~~~~~~~~~~~~~~~~~~~~~~~~~~~~~~~~~~~~~~~~~~~~~~~~~~~~~~~~~~~~~~~~~~~~
    + CategoryInfo          : NotSpecified: (:String) [], RemoteException
    + FullyQualifiedErrorId : NativeCommandError
 
 ÔÜá The Next.js plugin was not detected in your ESLint configuration. See 
https://nextjs.org/docs/app/api-reference/config/eslint#migrating-existing-config

./app/(dashboard)/dashboard/banks/page.tsx
96:18  Warning: 'error' is defined but never used.  no-unused-vars

./app/(dashboard)/dashboard/page.tsx
2:3  Warning: 'TrendingUp' is defined but never used.  no-unused-vars
3:3  Warning: 'TrendingDown' is defined but never used.  no-unused-vars
4:3  Warning: 'Wallet' is defined but never used.  no-unused-vars
5:3  Warning: 'Users' is defined but never used.  no-unused-vars
9:8  Warning: 'Link' is defined but never used.  no-unused-vars
23:66  Warning: 'type' is defined but never used.  no-unused-vars
29:11  Warning: 'monthKey' is assigned a value but never used.  no-unused-vars
75:11  Warning: 'balance' is assigned a value but never used.  no-unused-vars
90:9  Warning: 'pendingPayroll' is assigned a value but never used.  no-unused-vars

./app/(dashboard)/dashboard/payment-orders/page.tsx
28:13  Warning: 'balance' is assigned a value but never used.  no-unused-vars
28:22  Warning: 'percentageChange' is assigned a value but never used.  no-unused-vars
28:40  Warning: 'isIncrease' is assigned a value but never used.  no-unused-vars

./app/(dashboard)/expenses/page.tsx
4:15  Warning: 'ExpenseCategory' is defined but never used.  no-unused-vars
43:10  Warning: 'loading' is assigned a value but never used.  no-unused-vars

./app/(dashboard)/reports/page.tsx
4:85  Warning: 'Download' is defined but never used.  no-unused-vars
20:10  Warning: 'Button' is defined but never used.  no-unused-vars
81:9  Warning: 'departments' is assigned a value but never used.  no-unused-vars
104:10  Warning: 'departmentData' is assigned a value but never used.  no-unused-vars

./app/(dashboard)/settings/page.tsx
4:10  Warning: 'Save' is defined but never used.  no-unused-vars
4:16  Warning: 'Bell' is defined but never used.  no-unused-vars
4:30  Warning: 'Mail' is defined but never used.  no-unused-vars
4:36  Warning: 'Lock' is defined but never used.  no-unused-vars
4:55  Warning: 'Upload' is defined but never used.  no-unused-vars
11:10  Warning: 'Textarea' is defined but never used.  no-unused-vars
12:10  Warning: 'Avatar' is defined but never used.  no-unused-vars
12:18  Warning: 'AvatarFallback' is defined but never used.  no-unused-vars
12:34  Warning: 'AvatarImage' is defined but never used.  no-unused-vars
61:25  Warning: 'type' is defined but never used.  no-unused-vars
63:22  Warning: 'open' is defined but never used.  no-unused-vars
65:22  Warning: 'name' is defined but never used.  no-unused-vars
65:36  Warning: 'isEdit' is defined but never used.  no-unused-vars
68:23  Warning: 'emoji' is defined but never used.  no-unused-vars
72:23  Warning: 'open' is defined but never used.  no-unused-vars
74:22  Warning: 'entity' is defined but never used.  no-unused-vars
75:17  Warning: 'name' is defined but never used.  no-unused-vars
76:18  Warning: 'emoji' is defined but never used.  no-unused-vars
80:23  Warning: 'entity' is defined but never used.  no-unused-vars
81:25  Warning: 'name' is defined but never used.  no-unused-vars
314:10  Warning: 'showPassword' is assigned a value but never used.  no-unused-vars
314:24  Warning: 'setShowPassword' is assigned a value but never used.  no-unused-vars
333:10  Warning: 'notifications' is assigned a value but never used.  no-unused-vars
341:10  Warning: 'newCategoryColor' is assigned a value but never used.  no-unused-vars
341:28  Warning: 'setNewCategoryColor' is assigned a value but never used.  no-unused-vars
342:10  Warning: 'editColor' is assigned a value but never used.  no-unused-vars
342:21  Warning: 'setEditColor' is assigned a value but never used.  no-unused-vars
652:9  Warning: 'handleNotificationChange' is assigned a value but never used.  no-unused-vars

./app/(dashboard)/staff/page.tsx
4:76  Warning: 'Phone' is defined but never used.  no-unused-vars
4:83  Warning: 'Building' is defined but never used.  no-unused-vars
49:9  Warning: 'handleDeactivate' is assigned a value but never used.  no-unused-vars

./components/add-bank-modal.tsx
32:21  Warning: 'open' is defined but never used.  no-unused-vars

./components/add-expense-modal.tsx
22:12  Warning: 'expense' is defined but never used.  no-unused-vars

./components/add-income-modal.tsx
21:12  Warning: 'income' is defined but never used.  no-unused-vars

./components/add-payment-order-modal.tsx
127:20  Warning: 'open' is defined but never used.  no-unused-vars
241:18  Warning: 'error' is defined but never used.  no-unused-vars

./components/add-staff-modal.tsx
25:19  Warning: 'open' is defined but never used.  no-unused-vars

./components/bank-card.tsx
18:14  Warning: 'bank' is defined but never used.  no-unused-vars
19:16  Warning: 'bank' is defined but never used.  no-unused-vars

./components/branch-management-section.tsx
26:25  Warning: 'field' is defined but never used.  no-unused-vars
26:46  Warning: 'value' is defined but never used.  no-unused-vars
135:104  Warning: 'branches' is defined but never used.  no-unused-vars

./components/category-select.tsx
24:14  Warning: 'value' is defined but never used.  no-unused-vars

./components/client-management-section.tsx
43:25  Warning: 'field' is defined but never used.  no-unused-vars
43:46  Warning: 'value' is defined but never used.  no-unused-vars
131:100  Warning: 'clients' is defined but never used.  no-unused-vars

./components/edit-expense-modal.tsx
22:20  Warning: 'open' is defined but never used.  no-unused-vars
23:16  Warning: 'id' is defined but never used.  no-unused-vars
23:28  Warning: 'data' is defined but never used.  no-unused-vars

./components/edit-income-modal.tsx
22:20  Warning: 'open' is defined but never used.  no-unused-vars
23:16  Warning: 'id' is defined but never used.  no-unused-vars
23:28  Warning: 'data' is defined but never used.  no-unused-vars

./components/edit-payroll-modal.tsx
29:20  Warning: 'open' is defined but never used.  no-unused-vars

./components/expense-details-modal.tsx
20:20  Warning: 'open' is defined but never used.  no-unused-vars
21:14  Warning: 'expense' is defined but never used.  no-unused-vars
22:16  Warning: 'id' is defined but never used.  no-unused-vars

./components/file-history-client.tsx
13:10  Warning: 'formatDate' is defined but never used.  no-unused-vars

./components/income-details-modal.tsx
20:20  Warning: 'open' is defined but never used.  no-unused-vars
21:14  Warning: 'income' is defined but never used.  no-unused-vars
22:16  Warning: 'id' is defined but never used.  no-unused-vars

./components/notifications-bell.tsx
17:10  Warning: 'Clock' is defined but never used.  no-unused-vars

./components/payment-order-details-modal.tsx
23:20  Warning: 'open' is defined but never used.  no-unused-vars
25:17  Warning: 'id' is defined but never used.  no-unused-vars
26:16  Warning: 'id' is defined but never used.  no-unused-vars
27:18  Warning: 'order' is defined but never used.  no-unused-vars

./components/payment-orders-client.tsx
4:29  Warning: 'useEffect' is defined but never used.  no-unused-vars

./components/payroll-details-modal.tsx
19:20  Warning: 'open' is defined but never used.  no-unused-vars
20:19  Warning: 'id' is defined but never used.  no-unused-vars
21:17  Warning: 'id' is defined but never used.  no-unused-vars
22:15  Warning: 'payment' is defined but never used.  no-unused-vars
78:10  Warning: 'formatCurrency' is defined but never used.  no-unused-vars
89:11  Warning: 'isCancelled' is assigned a value but never used.  no-unused-vars

./components/payroll-modal.tsx
29:12  Warning: 'payroll' is defined but never used.  no-unused-vars
32:55  Warning: 'onPay' is defined but never used.  no-unused-vars

./components/signature-management-section.tsx
83:18  Warning: 'error' is defined but never used.  no-unused-vars

./components/signature-pad.tsx
8:25  Warning: 'signature' is defined but never used.  no-unused-vars

./components/transaction-details-modal.tsx
10:56  Warning: 'FileText' is defined but never used.  no-unused-vars
29:20  Warning: 'open' is defined but never used.  no-unused-vars

./components/ui/amount-ticker.tsx
21:11  Warning: 'countRef' is assigned a value but never used.  no-unused-vars

./components/ui/carousel.tsx
21:13  Warning: 'api' is defined but never used.  no-unused-vars

./components/ui/chart.tsx
12:4  Warning: 'k' is defined but never used.  no-unused-vars
72:7  Warning: '_' is defined but never used.  no-unused-vars

./components/ui/sidebar.tsx
32:13  Warning: 'open' is defined but never used.  no-unused-vars
34:19  Warning: 'open' is defined but never used.  no-unused-vars
55:21  Warning: 'open' is defined but never used.  no-unused-vars
78:27  Warning: 'value' is defined but never used.  no-unused-vars

./components/ui/use-toast.ts
129:25  Warning: 'state' is defined but never used.  no-unused-vars

./components/vendor-management-section.tsx
4:71  Warning: 'FileText' is defined but never used.  no-unused-vars
26:25  Warning: 'field' is defined but never used.  no-unused-vars
26:46  Warning: 'value' is defined but never used.  no-unused-vars
31:23  Warning: 'value' is defined but never used.  no-unused-vars
111:100  Warning: 'vendors' is defined but never used.  no-unused-vars

./lib/actions.ts
5:10  Warning: 'PaymentOrder' is defined but never used.  no-unused-vars

./lib/bank-actions.ts
5:10  Warning: 'Bank' is defined but never used.  no-unused-vars

./lib/client-actions.ts
31:51  Warning: 'emailError' is assigned a value but never used.  no-unused-vars
41:49  Warning: 'docError' is assigned a value but never used.  no-unused-vars

info  - Need to disable some ESLint rules? Learn more here: https://nextjs.org/docs/app/api-reference/config/eslint#disabling-rules
   Collecting page data ...
   Generating static pages (0/13) ...
   Generating static pages (3/13) 
   Generating static pages (6/13) 
   Generating static pages (9/13) 
 Ô£ô Generating static pages (13/13)
   Finalizing page optimization ...
   Collecting build traces ...
